// Jest Snapshot v1, https://goo.gl/fbAQLP

exports[`Value: default 1`] = `
<div>
  {"suggestions":[],"autoComplete":[],"error":false,"value":""}
</div>
`;
